
================================================================================
CARES TEST HARNESS v1.0
Community Accounting & Resource Engagement System
================================================================================
Test Configuration:
  - Database: PostgreSQL 15 (Testcontainers)
  - Coverage: Enabled (minimum 70%)
  - Reports: HTML + Terminal + XML
  - Timeout: 30 seconds per test
================================================================================

============================= test session starts =============================
platform win32 -- Python 3.12.10, pytest-8.3.4, pluggy-1.6.0 -- C:\Users\vange\AppData\Local\Microsoft\WindowsApps\PythonSoftwareFoundation.Python.3.12_qbz5n2kfra8p0\python.exe
cachedir: .pytest_cache
metadata: {'Python': '3.12.10', 'Platform': 'Windows-10-10.0.19045-SP0', 'Packages': {'pytest': '8.3.4', 'pluggy': '1.6.0'}, 'Plugins': {'anyio': '4.8.0', 'Faker': '33.1.0', 'cov': '6.0.0', 'factoryboy': '2.8.1', 'flask': '1.3.0', 'html': '4.1.1', 'metadata': '3.1.1', 'timeout': '2.3.1', 'xdist': '3.6.1'}}
rootdir: C:\workspace\NonProfitAccounting\kofc-accounting-system\tests
configfile: pytest.ini
plugins: anyio-4.8.0, Faker-33.1.0, cov-6.0.0, factoryboy-2.8.1, flask-1.3.0, html-4.1.1, metadata-3.1.1, timeout-2.3.1, xdist-3.6.1
timeout: 30.0s
timeout method: thread
timeout func_only: False
collecting ... collected 103 items

tests\functional\test_balance_sheet.py::TestBalanceSheetReport::test_balance_sheet_route_requires_authentication PASSED [  0%]
tests\functional\test_balance_sheet.py::TestBalanceSheetReport::test_balance_sheet_displays ERROR [  1%]
tests\functional\test_balance_sheet.py::TestBalanceSheetReport::test_balance_sheet_shows_assets ERROR [  2%]
tests\functional\test_balance_sheet.py::TestBalanceSheetReport::test_balance_sheet_shows_liabilities ERROR [  3%]
tests\functional\test_balance_sheet.py::TestBalanceSheetReport::test_balance_sheet_shows_net_assets ERROR [  4%]
tests\functional\test_balance_sheet.py::TestBalanceSheetCalculations::test_balance_sheet_calculates_totals ERROR [  5%]^C